p7v version 0.2
opened 'altered-package-test-256MB.signed' for reading.
opened 'altered-package-test-256MB.p7v' for writing.
initialized.
signed by 'John Doe'
exiting with status 4
