p7v version 0.2
opened 'no-verify-test-1MB.signed' for reading.
opened 'no-verify-test-1MB.p7v' for writing.
initialized.
p7v: warning: verification skipped as requested!
data extracted.
exiting with status 0
