p7v version 0.2
opened 'revoked-signer-test-8MB.signed' for reading.
opened 'revoked-signer-test-8MB.p7v' for writing.
initialized.
signed by 'John Doe'
exiting with status 4
