opened 'revoked-signer-test-1MB.signed' for reading.
opened 'revoked-signer-test-1MB.p7v' for writing.
initialized.
signed by 'John Doe'
exiting with status 4
