opened 'trusted-signer-test-2MB.signed' for reading.
opened 'trusted-signer-test-2MB.p7v' for writing.
initialized.
signed by 'John Doe'
data extracted.
exiting with status 0
