p7v version 0.2
opened 'trusted-signer-test-1MB.signed' for reading.
opened 'trusted-signer-test-1MB.p7v' for writing.
initialized.
signed by 'John Doe'
data extracted.
exiting with status 0
