p7v version 0.2
opened 'trusted-other-ca-signer-test-8MB.signed' for reading.
opened 'trusted-other-ca-signer-test-8MB.p7v' for writing.
initialized.
signed by 'Mike Mitch'
data extracted.
exiting with status 0
