p7v version 0.2
opened 'trusted-ca-signer-test-128MB.signed' for reading.
opened 'trusted-ca-signer-test-128MB.p7v' for writing.
initialized.
signed by 'John Doe'
data extracted.
exiting with status 0
